Archive member included because of file (symbol)

c:/program files/gnu tools arm embedded/4.9 2015q1/bin/../lib/gcc/arm-none-eabi/4.9.3/../../../../arm-none-eabi/lib/armv7e-m\libc.a(lib_a-exit.o)
                              c:/program files/gnu tools arm embedded/4.9 2015q1/bin/../lib/gcc/arm-none-eabi/4.9.3/../../../../arm-none-eabi/lib/armv7e-m/crt0.o (exit)
c:/program files/gnu tools arm embedded/4.9 2015q1/bin/../lib/gcc/arm-none-eabi/4.9.3/../../../../arm-none-eabi/lib/armv7e-m\libc.a(lib_a-impure.o)
                              c:/program files/gnu tools arm embedded/4.9 2015q1/bin/../lib/gcc/arm-none-eabi/4.9.3/../../../../arm-none-eabi/lib/armv7e-m\libc.a(lib_a-exit.o) (_global_impure_ptr)
c:/program files/gnu tools arm embedded/4.9 2015q1/bin/../lib/gcc/arm-none-eabi/4.9.3/../../../../arm-none-eabi/lib/armv7e-m\libc.a(lib_a-init.o)
                              c:/program files/gnu tools arm embedded/4.9 2015q1/bin/../lib/gcc/arm-none-eabi/4.9.3/../../../../arm-none-eabi/lib/armv7e-m/crt0.o (__libc_init_array)
c:/program files/gnu tools arm embedded/4.9 2015q1/bin/../lib/gcc/arm-none-eabi/4.9.3/../../../../arm-none-eabi/lib/armv7e-m\libc.a(lib_a-memset.o)
                              c:/program files/gnu tools arm embedded/4.9 2015q1/bin/../lib/gcc/arm-none-eabi/4.9.3/../../../../arm-none-eabi/lib/armv7e-m/crt0.o (memset)
c:/program files/gnu tools arm embedded/4.9 2015q1/bin/../lib/gcc/arm-none-eabi/4.9.3/../../../../arm-none-eabi/lib/armv7e-m\libc.a(lib_a-__call_atexit.o)
                              c:/program files/gnu tools arm embedded/4.9 2015q1/bin/../lib/gcc/arm-none-eabi/4.9.3/../../../../arm-none-eabi/lib/armv7e-m\libc.a(lib_a-exit.o) (__call_exitprocs)
c:/program files/gnu tools arm embedded/4.9 2015q1/bin/../lib/gcc/arm-none-eabi/4.9.3/../../../../arm-none-eabi/lib/armv7e-m\libc.a(lib_a-atexit.o)
                              c:/program files/gnu tools arm embedded/4.9 2015q1/bin/../lib/gcc/arm-none-eabi/4.9.3/../../../../arm-none-eabi/lib/armv7e-m\libc.a(lib_a-__call_atexit.o) (atexit)
c:/program files/gnu tools arm embedded/4.9 2015q1/bin/../lib/gcc/arm-none-eabi/4.9.3/../../../../arm-none-eabi/lib/armv7e-m\libc.a(lib_a-fini.o)
                              c:/program files/gnu tools arm embedded/4.9 2015q1/bin/../lib/gcc/arm-none-eabi/4.9.3/../../../../arm-none-eabi/lib/armv7e-m\libc.a(lib_a-__call_atexit.o) (__libc_fini_array)
c:/program files/gnu tools arm embedded/4.9 2015q1/bin/../lib/gcc/arm-none-eabi/4.9.3/../../../../arm-none-eabi/lib/armv7e-m\libc.a(lib_a-__atexit.o)
                              c:/program files/gnu tools arm embedded/4.9 2015q1/bin/../lib/gcc/arm-none-eabi/4.9.3/../../../../arm-none-eabi/lib/armv7e-m\libc.a(lib_a-atexit.o) (__register_exitproc)

Discarded input sections

 .text          0x00000000        0x0 c:/program files/gnu tools arm embedded/4.9 2015q1/bin/../lib/gcc/arm-none-eabi/4.9.3/armv7e-m/crti.o
 .data          0x00000000        0x0 c:/program files/gnu tools arm embedded/4.9 2015q1/bin/../lib/gcc/arm-none-eabi/4.9.3/armv7e-m/crti.o
 .bss           0x00000000        0x0 c:/program files/gnu tools arm embedded/4.9 2015q1/bin/../lib/gcc/arm-none-eabi/4.9.3/armv7e-m/crti.o
 .data          0x00000000        0x4 c:/program files/gnu tools arm embedded/4.9 2015q1/bin/../lib/gcc/arm-none-eabi/4.9.3/armv7e-m/crtbegin.o
 .text          0x00000000       0x74 c:/program files/gnu tools arm embedded/4.9 2015q1/bin/../lib/gcc/arm-none-eabi/4.9.3/../../../../arm-none-eabi/lib/armv7e-m/crt0.o
 .data          0x00000000        0x0 c:/program files/gnu tools arm embedded/4.9 2015q1/bin/../lib/gcc/arm-none-eabi/4.9.3/../../../../arm-none-eabi/lib/armv7e-m/crt0.o
 .bss           0x00000000        0x0 c:/program files/gnu tools arm embedded/4.9 2015q1/bin/../lib/gcc/arm-none-eabi/4.9.3/../../../../arm-none-eabi/lib/armv7e-m/crt0.o
 .ARM.extab     0x00000000        0x0 c:/program files/gnu tools arm embedded/4.9 2015q1/bin/../lib/gcc/arm-none-eabi/4.9.3/../../../../arm-none-eabi/lib/armv7e-m/crt0.o
 .ARM.exidx     0x00000000        0x8 c:/program files/gnu tools arm embedded/4.9 2015q1/bin/../lib/gcc/arm-none-eabi/4.9.3/../../../../arm-none-eabi/lib/armv7e-m/crt0.o
 .ARM.attributes
                0x00000000       0x1c c:/program files/gnu tools arm embedded/4.9 2015q1/bin/../lib/gcc/arm-none-eabi/4.9.3/../../../../arm-none-eabi/lib/armv7e-m/crt0.o
 .text          0x00000000        0x0 c:/program files/gnu tools arm embedded/4.9 2015q1/bin/../lib/gcc/arm-none-eabi/4.9.3/../../../../arm-none-eabi/lib/armv7e-m\libc.a(lib_a-exit.o)
 .data          0x00000000        0x0 c:/program files/gnu tools arm embedded/4.9 2015q1/bin/../lib/gcc/arm-none-eabi/4.9.3/../../../../arm-none-eabi/lib/armv7e-m\libc.a(lib_a-exit.o)
 .bss           0x00000000        0x0 c:/program files/gnu tools arm embedded/4.9 2015q1/bin/../lib/gcc/arm-none-eabi/4.9.3/../../../../arm-none-eabi/lib/armv7e-m\libc.a(lib_a-exit.o)
 .text.exit     0x00000000       0x20 c:/program files/gnu tools arm embedded/4.9 2015q1/bin/../lib/gcc/arm-none-eabi/4.9.3/../../../../arm-none-eabi/lib/armv7e-m\libc.a(lib_a-exit.o)
 .debug_frame   0x00000000       0x28 c:/program files/gnu tools arm embedded/4.9 2015q1/bin/../lib/gcc/arm-none-eabi/4.9.3/../../../../arm-none-eabi/lib/armv7e-m\libc.a(lib_a-exit.o)
 .ARM.attributes
                0x00000000       0x2e c:/program files/gnu tools arm embedded/4.9 2015q1/bin/../lib/gcc/arm-none-eabi/4.9.3/../../../../arm-none-eabi/lib/armv7e-m\libc.a(lib_a-exit.o)
 .text          0x00000000        0x0 c:/program files/gnu tools arm embedded/4.9 2015q1/bin/../lib/gcc/arm-none-eabi/4.9.3/../../../../arm-none-eabi/lib/armv7e-m\libc.a(lib_a-impure.o)
 .data          0x00000000        0x0 c:/program files/gnu tools arm embedded/4.9 2015q1/bin/../lib/gcc/arm-none-eabi/4.9.3/../../../../arm-none-eabi/lib/armv7e-m\libc.a(lib_a-impure.o)
 .bss           0x00000000        0x0 c:/program files/gnu tools arm embedded/4.9 2015q1/bin/../lib/gcc/arm-none-eabi/4.9.3/../../../../arm-none-eabi/lib/armv7e-m\libc.a(lib_a-impure.o)
 .data._impure_ptr
                0x00000000        0x4 c:/program files/gnu tools arm embedded/4.9 2015q1/bin/../lib/gcc/arm-none-eabi/4.9.3/../../../../arm-none-eabi/lib/armv7e-m\libc.a(lib_a-impure.o)
 .ARM.attributes
                0x00000000       0x2e c:/program files/gnu tools arm embedded/4.9 2015q1/bin/../lib/gcc/arm-none-eabi/4.9.3/../../../../arm-none-eabi/lib/armv7e-m\libc.a(lib_a-impure.o)
 .text          0x00000000        0x0 c:/program files/gnu tools arm embedded/4.9 2015q1/bin/../lib/gcc/arm-none-eabi/4.9.3/../../../../arm-none-eabi/lib/armv7e-m\libc.a(lib_a-init.o)
 .data          0x00000000        0x0 c:/program files/gnu tools arm embedded/4.9 2015q1/bin/../lib/gcc/arm-none-eabi/4.9.3/../../../../arm-none-eabi/lib/armv7e-m\libc.a(lib_a-init.o)
 .bss           0x00000000        0x0 c:/program files/gnu tools arm embedded/4.9 2015q1/bin/../lib/gcc/arm-none-eabi/4.9.3/../../../../arm-none-eabi/lib/armv7e-m\libc.a(lib_a-init.o)
 .debug_frame   0x00000000       0x2c c:/program files/gnu tools arm embedded/4.9 2015q1/bin/../lib/gcc/arm-none-eabi/4.9.3/../../../../arm-none-eabi/lib/armv7e-m\libc.a(lib_a-init.o)
 .ARM.attributes
                0x00000000       0x2e c:/program files/gnu tools arm embedded/4.9 2015q1/bin/../lib/gcc/arm-none-eabi/4.9.3/../../../../arm-none-eabi/lib/armv7e-m\libc.a(lib_a-init.o)
 .text          0x00000000        0x0 c:/program files/gnu tools arm embedded/4.9 2015q1/bin/../lib/gcc/arm-none-eabi/4.9.3/../../../../arm-none-eabi/lib/armv7e-m\libc.a(lib_a-memset.o)
 .data          0x00000000        0x0 c:/program files/gnu tools arm embedded/4.9 2015q1/bin/../lib/gcc/arm-none-eabi/4.9.3/../../../../arm-none-eabi/lib/armv7e-m\libc.a(lib_a-memset.o)
 .bss           0x00000000        0x0 c:/program files/gnu tools arm embedded/4.9 2015q1/bin/../lib/gcc/arm-none-eabi/4.9.3/../../../../arm-none-eabi/lib/armv7e-m\libc.a(lib_a-memset.o)
 .text.memset   0x00000000       0x9c c:/program files/gnu tools arm embedded/4.9 2015q1/bin/../lib/gcc/arm-none-eabi/4.9.3/../../../../arm-none-eabi/lib/armv7e-m\libc.a(lib_a-memset.o)
 .debug_frame   0x00000000       0x34 c:/program files/gnu tools arm embedded/4.9 2015q1/bin/../lib/gcc/arm-none-eabi/4.9.3/../../../../arm-none-eabi/lib/armv7e-m\libc.a(lib_a-memset.o)
 .ARM.attributes
                0x00000000       0x2e c:/program files/gnu tools arm embedded/4.9 2015q1/bin/../lib/gcc/arm-none-eabi/4.9.3/../../../../arm-none-eabi/lib/armv7e-m\libc.a(lib_a-memset.o)
 .text          0x00000000        0x0 c:/program files/gnu tools arm embedded/4.9 2015q1/bin/../lib/gcc/arm-none-eabi/4.9.3/../../../../arm-none-eabi/lib/armv7e-m\libc.a(lib_a-__call_atexit.o)
 .data          0x00000000        0x0 c:/program files/gnu tools arm embedded/4.9 2015q1/bin/../lib/gcc/arm-none-eabi/4.9.3/../../../../arm-none-eabi/lib/armv7e-m\libc.a(lib_a-__call_atexit.o)
 .bss           0x00000000        0x0 c:/program files/gnu tools arm embedded/4.9 2015q1/bin/../lib/gcc/arm-none-eabi/4.9.3/../../../../arm-none-eabi/lib/armv7e-m\libc.a(lib_a-__call_atexit.o)
 .text.__call_exitprocs
                0x00000000       0xd4 c:/program files/gnu tools arm embedded/4.9 2015q1/bin/../lib/gcc/arm-none-eabi/4.9.3/../../../../arm-none-eabi/lib/armv7e-m\libc.a(lib_a-__call_atexit.o)
 .debug_frame   0x00000000       0x50 c:/program files/gnu tools arm embedded/4.9 2015q1/bin/../lib/gcc/arm-none-eabi/4.9.3/../../../../arm-none-eabi/lib/armv7e-m\libc.a(lib_a-__call_atexit.o)
 .ARM.attributes
                0x00000000       0x2e c:/program files/gnu tools arm embedded/4.9 2015q1/bin/../lib/gcc/arm-none-eabi/4.9.3/../../../../arm-none-eabi/lib/armv7e-m\libc.a(lib_a-__call_atexit.o)
 .text          0x00000000        0x0 c:/program files/gnu tools arm embedded/4.9 2015q1/bin/../lib/gcc/arm-none-eabi/4.9.3/../../../../arm-none-eabi/lib/armv7e-m\libc.a(lib_a-atexit.o)
 .data          0x00000000        0x0 c:/program files/gnu tools arm embedded/4.9 2015q1/bin/../lib/gcc/arm-none-eabi/4.9.3/../../../../arm-none-eabi/lib/armv7e-m\libc.a(lib_a-atexit.o)
 .bss           0x00000000        0x0 c:/program files/gnu tools arm embedded/4.9 2015q1/bin/../lib/gcc/arm-none-eabi/4.9.3/../../../../arm-none-eabi/lib/armv7e-m\libc.a(lib_a-atexit.o)
 .debug_frame   0x00000000       0x20 c:/program files/gnu tools arm embedded/4.9 2015q1/bin/../lib/gcc/arm-none-eabi/4.9.3/../../../../arm-none-eabi/lib/armv7e-m\libc.a(lib_a-atexit.o)
 .ARM.attributes
                0x00000000       0x2e c:/program files/gnu tools arm embedded/4.9 2015q1/bin/../lib/gcc/arm-none-eabi/4.9.3/../../../../arm-none-eabi/lib/armv7e-m\libc.a(lib_a-atexit.o)
 .text          0x00000000        0x0 c:/program files/gnu tools arm embedded/4.9 2015q1/bin/../lib/gcc/arm-none-eabi/4.9.3/../../../../arm-none-eabi/lib/armv7e-m\libc.a(lib_a-fini.o)
 .data          0x00000000        0x0 c:/program files/gnu tools arm embedded/4.9 2015q1/bin/../lib/gcc/arm-none-eabi/4.9.3/../../../../arm-none-eabi/lib/armv7e-m\libc.a(lib_a-fini.o)
 .bss           0x00000000        0x0 c:/program files/gnu tools arm embedded/4.9 2015q1/bin/../lib/gcc/arm-none-eabi/4.9.3/../../../../arm-none-eabi/lib/armv7e-m\libc.a(lib_a-fini.o)
 .debug_frame   0x00000000       0x34 c:/program files/gnu tools arm embedded/4.9 2015q1/bin/../lib/gcc/arm-none-eabi/4.9.3/../../../../arm-none-eabi/lib/armv7e-m\libc.a(lib_a-fini.o)
 .ARM.attributes
                0x00000000       0x2e c:/program files/gnu tools arm embedded/4.9 2015q1/bin/../lib/gcc/arm-none-eabi/4.9.3/../../../../arm-none-eabi/lib/armv7e-m\libc.a(lib_a-fini.o)
 .text          0x00000000        0x0 c:/program files/gnu tools arm embedded/4.9 2015q1/bin/../lib/gcc/arm-none-eabi/4.9.3/../../../../arm-none-eabi/lib/armv7e-m\libc.a(lib_a-__atexit.o)
 .data          0x00000000        0x0 c:/program files/gnu tools arm embedded/4.9 2015q1/bin/../lib/gcc/arm-none-eabi/4.9.3/../../../../arm-none-eabi/lib/armv7e-m\libc.a(lib_a-__atexit.o)
 .bss           0x00000000        0x0 c:/program files/gnu tools arm embedded/4.9 2015q1/bin/../lib/gcc/arm-none-eabi/4.9.3/../../../../arm-none-eabi/lib/armv7e-m\libc.a(lib_a-__atexit.o)
 .debug_frame   0x00000000       0x34 c:/program files/gnu tools arm embedded/4.9 2015q1/bin/../lib/gcc/arm-none-eabi/4.9.3/../../../../arm-none-eabi/lib/armv7e-m\libc.a(lib_a-__atexit.o)
 .ARM.attributes
                0x00000000       0x2e c:/program files/gnu tools arm embedded/4.9 2015q1/bin/../lib/gcc/arm-none-eabi/4.9.3/../../../../arm-none-eabi/lib/armv7e-m\libc.a(lib_a-__atexit.o)
 .data          0x00000000        0x0 ..\obj\ConfigureLED.o
 .bss           0x00000000        0x0 ..\obj\ConfigureLED.o
 .data          0x00000000        0x0 ..\obj\stm32f4xx_hal_gpio.o
 .bss           0x00000000        0x0 ..\obj\stm32f4xx_hal_gpio.o
 .text          0x00000000      0x544 ..\obj\stm32f4xx_hal_cortex.o
 .data          0x00000000        0x0 ..\obj\stm32f4xx_hal_cortex.o
 .bss           0x00000000        0x0 ..\obj\stm32f4xx_hal_cortex.o
 .debug_info    0x00000000      0xbac ..\obj\stm32f4xx_hal_cortex.o
 .debug_abbrev  0x00000000      0x299 ..\obj\stm32f4xx_hal_cortex.o
 .debug_aranges
                0x00000000       0x20 ..\obj\stm32f4xx_hal_cortex.o
 .debug_line    0x00000000      0x328 ..\obj\stm32f4xx_hal_cortex.o
 .debug_str     0x00000000      0xb3b ..\obj\stm32f4xx_hal_cortex.o
 .comment       0x00000000       0x71 ..\obj\stm32f4xx_hal_cortex.o
 .debug_frame   0x00000000      0x428 ..\obj\stm32f4xx_hal_cortex.o
 .ARM.attributes
                0x00000000       0x33 ..\obj\stm32f4xx_hal_cortex.o
 .data          0x00000000        0x0 ..\obj\LEDsStateMachine.o
 .text          0x00000000      0xd74 ..\obj\stm32f4xx_hal_rcc.o
 .data          0x00000000        0x0 ..\obj\stm32f4xx_hal_rcc.o
 .bss           0x00000000        0x0 ..\obj\stm32f4xx_hal_rcc.o
 .rodata        0x00000000       0x10 ..\obj\stm32f4xx_hal_rcc.o
 .debug_info    0x00000000      0xe27 ..\obj\stm32f4xx_hal_rcc.o
 .debug_abbrev  0x00000000      0x25a ..\obj\stm32f4xx_hal_rcc.o
 .debug_aranges
                0x00000000       0x20 ..\obj\stm32f4xx_hal_rcc.o
 .debug_line    0x00000000      0x58a ..\obj\stm32f4xx_hal_rcc.o
 .debug_str     0x00000000      0x6b9 ..\obj\stm32f4xx_hal_rcc.o
 .comment       0x00000000       0x71 ..\obj\stm32f4xx_hal_rcc.o
 .debug_frame   0x00000000      0x204 ..\obj\stm32f4xx_hal_rcc.o
 .ARM.attributes
                0x00000000       0x33 ..\obj\stm32f4xx_hal_rcc.o
 .bss           0x00000000        0x0 ..\obj\system_stm32f4xx.o
 .text          0x00000000       0x14 ..\obj\startup_stm32f429xx.o
 .data          0x00000000        0x0 ..\obj\startup_stm32f429xx.o
 .bss           0x00000000        0x0 ..\obj\startup_stm32f429xx.o
 .text          0x00000000      0x368 ..\obj\stm32f4xx_hal.o
 .data          0x00000000        0x0 ..\obj\stm32f4xx_hal.o
 .bss           0x00000000        0x4 ..\obj\stm32f4xx_hal.o
 .debug_info    0x00000000      0xa1c ..\obj\stm32f4xx_hal.o
 .debug_abbrev  0x00000000      0x1ff ..\obj\stm32f4xx_hal.o
 .debug_aranges
                0x00000000       0x20 ..\obj\stm32f4xx_hal.o
 .debug_line    0x00000000      0x32e ..\obj\stm32f4xx_hal.o
 .debug_str     0x00000000      0xb00 ..\obj\stm32f4xx_hal.o
 .comment       0x00000000       0x71 ..\obj\stm32f4xx_hal.o
 .debug_frame   0x00000000      0x310 ..\obj\stm32f4xx_hal.o
 .ARM.attributes
                0x00000000       0x33 ..\obj\stm32f4xx_hal.o
 .data          0x00000000        0x0 ..\obj\main.o
 .text          0x00000000        0x0 c:/program files/gnu tools arm embedded/4.9 2015q1/bin/../lib/gcc/arm-none-eabi/4.9.3/armv7e-m/crtend.o
 .data          0x00000000        0x0 c:/program files/gnu tools arm embedded/4.9 2015q1/bin/../lib/gcc/arm-none-eabi/4.9.3/armv7e-m/crtend.o
 .bss           0x00000000        0x0 c:/program files/gnu tools arm embedded/4.9 2015q1/bin/../lib/gcc/arm-none-eabi/4.9.3/armv7e-m/crtend.o
 .eh_frame      0x00000000        0x4 c:/program files/gnu tools arm embedded/4.9 2015q1/bin/../lib/gcc/arm-none-eabi/4.9.3/armv7e-m/crtend.o
 .jcr           0x00000000        0x4 c:/program files/gnu tools arm embedded/4.9 2015q1/bin/../lib/gcc/arm-none-eabi/4.9.3/armv7e-m/crtend.o
 .ARM.attributes
                0x00000000       0x2e c:/program files/gnu tools arm embedded/4.9 2015q1/bin/../lib/gcc/arm-none-eabi/4.9.3/armv7e-m/crtend.o
 .text          0x00000000        0x0 c:/program files/gnu tools arm embedded/4.9 2015q1/bin/../lib/gcc/arm-none-eabi/4.9.3/armv7e-m/crtn.o
 .data          0x00000000        0x0 c:/program files/gnu tools arm embedded/4.9 2015q1/bin/../lib/gcc/arm-none-eabi/4.9.3/armv7e-m/crtn.o
 .bss           0x00000000        0x0 c:/program files/gnu tools arm embedded/4.9 2015q1/bin/../lib/gcc/arm-none-eabi/4.9.3/armv7e-m/crtn.o

Memory Configuration

Name             Origin             Length             Attributes
FLASH            0x08000000         0x00100000         xr
RAM              0x20000000         0x00020000         xrw
CCMRAM           0x10000000         0x00010000         rw
*default*        0x00000000         0xffffffff

Linker script and memory map

LOAD c:/program files/gnu tools arm embedded/4.9 2015q1/bin/../lib/gcc/arm-none-eabi/4.9.3/armv7e-m/crti.o
LOAD c:/program files/gnu tools arm embedded/4.9 2015q1/bin/../lib/gcc/arm-none-eabi/4.9.3/armv7e-m/crtbegin.o
LOAD c:/program files/gnu tools arm embedded/4.9 2015q1/bin/../lib/gcc/arm-none-eabi/4.9.3/../../../../arm-none-eabi/lib/armv7e-m/crt0.o
                0x2001ffff                _estack = 0x2001ffff
                0x00000200                _Min_Heap_Size = 0x200
                0x00000400                _Min_Stack_Size = 0x400

.isr_vector     0x08000000      0x1ac
                0x08000000                . = ALIGN (0x4)
 *(.isr_vector)
 .isr_vector    0x08000000      0x1ac ..\obj\startup_stm32f429xx.o
                0x08000000                g_pfnVectors
                0x080001ac                . = ALIGN (0x4)

.text           0x080001ac      0xe64
                0x080001ac                . = ALIGN (0x4)
 *(.text)
 .text          0x080001ac       0x5c c:/program files/gnu tools arm embedded/4.9 2015q1/bin/../lib/gcc/arm-none-eabi/4.9.3/armv7e-m/crtbegin.o
 .text          0x08000208       0xf4 ..\obj\ConfigureLED.o
                0x08000208                initLED
 .text          0x080002fc      0x674 ..\obj\stm32f4xx_hal_gpio.o
                0x080002fc                HAL_GPIO_Init
                0x08000644                HAL_GPIO_DeInit
                0x08000858                HAL_GPIO_ReadPin
                0x08000888                HAL_GPIO_WritePin
                0x080008b8                HAL_GPIO_TogglePin
                0x080008dc                HAL_GPIO_LockPin
                0x0800092c                HAL_GPIO_EXTI_IRQHandler
                0x0800095c                HAL_GPIO_EXTI_Callback
 .text          0x08000970      0x28c ..\obj\LEDsStateMachine.o
                0x08000970                SD_LED3
                0x08000a0c                SD_LED4
                0x08000ae4                SD_LED5
 .text          0x08000bfc      0x154 ..\obj\system_stm32f4xx.o
                0x08000bfc                SystemInit
                0x08000c58                SystemCoreClockUpdate
 .text          0x08000d50      0x114 ..\obj\main.o
                0x08000d50                getCurrentTime
                0x08000d88                delay
                0x08000db8                testingSwitchCase
                0x08000e24                main
 *(.text*)
 .text.__libc_init_array
                0x08000e64       0x50 c:/program files/gnu tools arm embedded/4.9 2015q1/bin/../lib/gcc/arm-none-eabi/4.9.3/../../../../arm-none-eabi/lib/armv7e-m\libc.a(lib_a-init.o)
                0x08000e64                __libc_init_array
 .text.startup.register_fini
                0x08000eb4       0x14 c:/program files/gnu tools arm embedded/4.9 2015q1/bin/../lib/gcc/arm-none-eabi/4.9.3/../../../../arm-none-eabi/lib/armv7e-m\libc.a(lib_a-__call_atexit.o)
 .text.atexit   0x08000ec8        0xc c:/program files/gnu tools arm embedded/4.9 2015q1/bin/../lib/gcc/arm-none-eabi/4.9.3/../../../../arm-none-eabi/lib/armv7e-m\libc.a(lib_a-atexit.o)
                0x08000ec8                atexit
 .text.__libc_fini_array
                0x08000ed4       0x2c c:/program files/gnu tools arm embedded/4.9 2015q1/bin/../lib/gcc/arm-none-eabi/4.9.3/../../../../arm-none-eabi/lib/armv7e-m\libc.a(lib_a-fini.o)
                0x08000ed4                __libc_fini_array
 .text.__register_exitproc
                0x08000f00       0xa4 c:/program files/gnu tools arm embedded/4.9 2015q1/bin/../lib/gcc/arm-none-eabi/4.9.3/../../../../arm-none-eabi/lib/armv7e-m\libc.a(lib_a-__atexit.o)
                0x08000f00                __register_exitproc
 .text.Reset_Handler
                0x08000fa4       0x50 ..\obj\startup_stm32f429xx.o
                0x08000fa4                Reset_Handler
 .text.Default_Handler
                0x08000ff4        0x2 ..\obj\startup_stm32f429xx.o
                0x08000ff4                RTC_Alarm_IRQHandler
                0x08000ff4                HASH_RNG_IRQHandler
                0x08000ff4                EXTI2_IRQHandler
                0x08000ff4                TIM8_CC_IRQHandler
                0x08000ff4                DebugMon_Handler
                0x08000ff4                UART8_IRQHandler
                0x08000ff4                SPI4_IRQHandler
                0x08000ff4                TIM1_CC_IRQHandler
                0x08000ff4                DMA2_Stream5_IRQHandler
                0x08000ff4                HardFault_Handler
                0x08000ff4                DMA1_Stream5_IRQHandler
                0x08000ff4                SysTick_Handler
                0x08000ff4                PVD_IRQHandler
                0x08000ff4                SDIO_IRQHandler
                0x08000ff4                TAMP_STAMP_IRQHandler
                0x08000ff4                PendSV_Handler
                0x08000ff4                NMI_Handler
                0x08000ff4                CAN2_RX1_IRQHandler
                0x08000ff4                EXTI3_IRQHandler
                0x08000ff4                TIM8_TRG_COM_TIM14_IRQHandler
                0x08000ff4                TIM1_UP_TIM10_IRQHandler
                0x08000ff4                TIM8_UP_TIM13_IRQHandler
                0x08000ff4                I2C3_ER_IRQHandler
                0x08000ff4                EXTI0_IRQHandler
                0x08000ff4                I2C2_EV_IRQHandler
                0x08000ff4                DMA1_Stream2_IRQHandler
                0x08000ff4                CAN1_RX0_IRQHandler
                0x08000ff4                FPU_IRQHandler
                0x08000ff4                OTG_HS_WKUP_IRQHandler
                0x08000ff4                UsageFault_Handler
                0x08000ff4                LTDC_ER_IRQHandler
                0x08000ff4                CAN2_SCE_IRQHandler
                0x08000ff4                DMA2_Stream2_IRQHandler
                0x08000ff4                SPI1_IRQHandler
                0x08000ff4                TIM6_DAC_IRQHandler
                0x08000ff4                TIM1_BRK_TIM9_IRQHandler
                0x08000ff4                DCMI_IRQHandler
                0x08000ff4                CAN2_RX0_IRQHandler
                0x08000ff4                DMA2_Stream3_IRQHandler
                0x08000ff4                USART6_IRQHandler
                0x08000ff4                USART3_IRQHandler
                0x08000ff4                CAN1_RX1_IRQHandler
                0x08000ff4                UART5_IRQHandler
                0x08000ff4                DMA2_Stream0_IRQHandler
                0x08000ff4                TIM4_IRQHandler
                0x08000ff4                I2C1_EV_IRQHandler
                0x08000ff4                DMA1_Stream6_IRQHandler
                0x08000ff4                DMA1_Stream1_IRQHandler
                0x08000ff4                UART4_IRQHandler
                0x08000ff4                TIM3_IRQHandler
                0x08000ff4                RCC_IRQHandler
                0x08000ff4                TIM8_BRK_TIM12_IRQHandler
                0x08000ff4                Default_Handler
                0x08000ff4                EXTI15_10_IRQHandler
                0x08000ff4                ADC_IRQHandler
                0x08000ff4                DMA1_Stream7_IRQHandler
                0x08000ff4                SPI5_IRQHandler
                0x08000ff4                TIM7_IRQHandler
                0x08000ff4                CAN2_TX_IRQHandler
                0x08000ff4                TIM5_IRQHandler
                0x08000ff4                DMA2_Stream7_IRQHandler
                0x08000ff4                I2C3_EV_IRQHandler
                0x08000ff4                EXTI9_5_IRQHandler
                0x08000ff4                RTC_WKUP_IRQHandler
                0x08000ff4                LTDC_IRQHandler
                0x08000ff4                ETH_WKUP_IRQHandler
                0x08000ff4                SPI2_IRQHandler
                0x08000ff4                OTG_HS_EP1_IN_IRQHandler
                0x08000ff4                MemManage_Handler
                0x08000ff4                DMA1_Stream0_IRQHandler
                0x08000ff4                CAN1_TX_IRQHandler
                0x08000ff4                SVC_Handler
                0x08000ff4                EXTI4_IRQHandler
                0x08000ff4                ETH_IRQHandler
                0x08000ff4                OTG_HS_EP1_OUT_IRQHandler
                0x08000ff4                WWDG_IRQHandler
                0x08000ff4                SPI6_IRQHandler
                0x08000ff4                TIM2_IRQHandler
                0x08000ff4                OTG_FS_WKUP_IRQHandler
                0x08000ff4                TIM1_TRG_COM_TIM11_IRQHandler
                0x08000ff4                OTG_HS_IRQHandler
                0x08000ff4                DMA2D_IRQHandler
                0x08000ff4                EXTI1_IRQHandler
                0x08000ff4                UART7_IRQHandler
                0x08000ff4                USART2_IRQHandler
                0x08000ff4                I2C2_ER_IRQHandler
                0x08000ff4                DMA2_Stream1_IRQHandler
                0x08000ff4                CAN1_SCE_IRQHandler
                0x08000ff4                FLASH_IRQHandler
                0x08000ff4                DMA2_Stream4_IRQHandler
                0x08000ff4                BusFault_Handler
                0x08000ff4                USART1_IRQHandler
                0x08000ff4                OTG_FS_IRQHandler
                0x08000ff4                SPI3_IRQHandler
                0x08000ff4                DMA1_Stream4_IRQHandler
                0x08000ff4                I2C1_ER_IRQHandler
                0x08000ff4                FMC_IRQHandler
                0x08000ff4                DMA2_Stream6_IRQHandler
                0x08000ff4                SAI1_IRQHandler
                0x08000ff4                DMA1_Stream3_IRQHandler
 *(.glue_7)
 .glue_7        0x00000000        0x0 linker stubs
 *(.glue_7t)
 .glue_7t       0x00000000        0x0 linker stubs
 *(.eh_frame)
 *fill*         0x08000ff6        0x2 
 .eh_frame      0x08000ff8        0x0 c:/program files/gnu tools arm embedded/4.9 2015q1/bin/../lib/gcc/arm-none-eabi/4.9.3/armv7e-m/crtbegin.o
 *(.init)
 .init          0x08000ff8        0x4 c:/program files/gnu tools arm embedded/4.9 2015q1/bin/../lib/gcc/arm-none-eabi/4.9.3/armv7e-m/crti.o
                0x08000ff8                _init
 .init          0x08000ffc        0x8 c:/program files/gnu tools arm embedded/4.9 2015q1/bin/../lib/gcc/arm-none-eabi/4.9.3/armv7e-m/crtn.o
 *(.fini)
 .fini          0x08001004        0x4 c:/program files/gnu tools arm embedded/4.9 2015q1/bin/../lib/gcc/arm-none-eabi/4.9.3/armv7e-m/crti.o
                0x08001004                _fini
 .fini          0x08001008        0x8 c:/program files/gnu tools arm embedded/4.9 2015q1/bin/../lib/gcc/arm-none-eabi/4.9.3/armv7e-m/crtn.o
                0x08001010                . = ALIGN (0x4)
                0x08001010                _etext = .

.vfp11_veneer   0x08001010        0x0
 .vfp11_veneer  0x00000000        0x0 linker stubs

.v4_bx          0x08001010        0x0
 .v4_bx         0x00000000        0x0 linker stubs

.iplt           0x08001010        0x0
 .iplt          0x00000000        0x0 c:/program files/gnu tools arm embedded/4.9 2015q1/bin/../lib/gcc/arm-none-eabi/4.9.3/armv7e-m/crtbegin.o

.rodata         0x08001010        0x8
                0x08001010                . = ALIGN (0x4)
 *(.rodata)
 *(.rodata*)
 .rodata.str1.4
                0x08001010        0x4 c:/program files/gnu tools arm embedded/4.9 2015q1/bin/../lib/gcc/arm-none-eabi/4.9.3/../../../../arm-none-eabi/lib/armv7e-m\libc.a(lib_a-impure.o)
 .rodata._global_impure_ptr
                0x08001014        0x4 c:/program files/gnu tools arm embedded/4.9 2015q1/bin/../lib/gcc/arm-none-eabi/4.9.3/../../../../arm-none-eabi/lib/armv7e-m\libc.a(lib_a-impure.o)
                0x08001014                _global_impure_ptr
                0x08001018                . = ALIGN (0x4)

.rel.dyn        0x08001018        0x0
 .rel.iplt      0x00000000        0x0 c:/program files/gnu tools arm embedded/4.9 2015q1/bin/../lib/gcc/arm-none-eabi/4.9.3/armv7e-m/crtbegin.o

.ARM.extab
 *(.ARM.extab* .gnu.linkonce.armextab.*)

.ARM            0x08001018        0x0
                0x08001018                __exidx_start = .
 *(.ARM.exidx*)
                0x08001018                __exidx_end = .

.preinit_array  0x08001018        0x0
                0x08001018                PROVIDE (__preinit_array_start, .)
 *(.preinit_array*)
                0x08001018                PROVIDE (__preinit_array_end, .)

.init_array     0x08001018        0x8
                0x08001018                PROVIDE (__init_array_start, .)
 *(SORT(.init_array.*))
 .init_array.00000
                0x08001018        0x4 c:/program files/gnu tools arm embedded/4.9 2015q1/bin/../lib/gcc/arm-none-eabi/4.9.3/../../../../arm-none-eabi/lib/armv7e-m\libc.a(lib_a-__call_atexit.o)
 *(.init_array*)
 .init_array    0x0800101c        0x4 c:/program files/gnu tools arm embedded/4.9 2015q1/bin/../lib/gcc/arm-none-eabi/4.9.3/armv7e-m/crtbegin.o
                0x08001020                PROVIDE (__init_array_end, .)

.fini_array     0x08001020        0x4
                0x08001020                PROVIDE (__fini_array_start, .)
 *(SORT(.fini_array.*))
 *(.fini_array*)
 .fini_array    0x08001020        0x4 c:/program files/gnu tools arm embedded/4.9 2015q1/bin/../lib/gcc/arm-none-eabi/4.9.3/armv7e-m/crtbegin.o
                0x08001024                PROVIDE (__fini_array_end, .)
                0x08001024                _sidata = LOADADDR (.data)

.data           0x20000000      0x440 load address 0x08001024
                0x20000000                . = ALIGN (0x4)
                0x20000000                _sdata = .
 *(.data)
 .data          0x20000000       0x14 ..\obj\system_stm32f4xx.o
                0x20000000                SystemCoreClock
                0x20000004                AHBPrescTable
 *(.data*)
 *fill*         0x20000014        0x4 
 .data.impure_data
                0x20000018      0x428 c:/program files/gnu tools arm embedded/4.9 2015q1/bin/../lib/gcc/arm-none-eabi/4.9.3/../../../../arm-none-eabi/lib/armv7e-m\libc.a(lib_a-impure.o)
                0x20000440                . = ALIGN (0x4)
                0x20000440                _edata = .
                0x08001464                _siccmram = LOADADDR (.ccmram)

.jcr            0x20000440        0x0 load address 0x08001464
 .jcr           0x20000440        0x0 c:/program files/gnu tools arm embedded/4.9 2015q1/bin/../lib/gcc/arm-none-eabi/4.9.3/armv7e-m/crtbegin.o

.igot.plt       0x20000440        0x0 load address 0x08001464
 .igot.plt      0x00000000        0x0 c:/program files/gnu tools arm embedded/4.9 2015q1/bin/../lib/gcc/arm-none-eabi/4.9.3/armv7e-m/crtbegin.o

.ccmram         0x10000000        0x0 load address 0x08001464
                0x10000000                . = ALIGN (0x4)
                0x10000000                _sccmram = .
 *(.ccmram)
 *(.ccmram*)
                0x10000000                . = ALIGN (0x4)
                0x10000000                _eccmram = .
                0x10000000                . = ALIGN (0x4)

.bss            0x20000440       0x40
                0x20000440                _sbss = .
                0x20000440                __bss_start__ = _sbss
 *(.bss)
 .bss           0x20000440       0x1c c:/program files/gnu tools arm embedded/4.9 2015q1/bin/../lib/gcc/arm-none-eabi/4.9.3/armv7e-m/crtbegin.o
 .bss           0x2000045c       0x14 ..\obj\LEDsStateMachine.o
 .bss           0x20000470       0x10 ..\obj\main.o
 *(.bss*)
 *(COMMON)
                0x20000480                . = ALIGN (0x4)
                0x20000480                _ebss = .
                0x20000480                __bss_end__ = _ebss

._user_heap_stack
                0x20000480      0x600
                0x20000480                . = ALIGN (0x4)
                0x20000480                PROVIDE (end, .)
                0x20000480                PROVIDE (_end, .)
                0x20000680                . = (. + _Min_Heap_Size)
 *fill*         0x20000480      0x200 
                0x20000a80                . = (. + _Min_Stack_Size)
 *fill*         0x20000680      0x400 
                0x20000a80                . = ALIGN (0x4)

/DISCARD/
 libc.a(*)
 libm.a(*)
 libgcc.a(*)

.ARM.attributes
                0x00000000       0x2a
 *(.ARM.attributes)
 .ARM.attributes
                0x00000000       0x1e c:/program files/gnu tools arm embedded/4.9 2015q1/bin/../lib/gcc/arm-none-eabi/4.9.3/armv7e-m/crti.o
 .ARM.attributes
                0x0000001e       0x2e c:/program files/gnu tools arm embedded/4.9 2015q1/bin/../lib/gcc/arm-none-eabi/4.9.3/armv7e-m/crtbegin.o
 .ARM.attributes
                0x0000004c       0x33 ..\obj\ConfigureLED.o
 .ARM.attributes
                0x0000007f       0x33 ..\obj\stm32f4xx_hal_gpio.o
 .ARM.attributes
                0x000000b2       0x33 ..\obj\LEDsStateMachine.o
 .ARM.attributes
                0x000000e5       0x33 ..\obj\system_stm32f4xx.o
 .ARM.attributes
                0x00000118       0x21 ..\obj\startup_stm32f429xx.o
 .ARM.attributes
                0x00000139       0x33 ..\obj\main.o
 .ARM.attributes
                0x0000016c       0x1e c:/program files/gnu tools arm embedded/4.9 2015q1/bin/../lib/gcc/arm-none-eabi/4.9.3/armv7e-m/crtn.o
LOAD ..\obj\ConfigureLED.o
LOAD ..\obj\stm32f4xx_hal_gpio.o
LOAD ..\obj\stm32f4xx_hal_cortex.o
LOAD ..\obj\LEDsStateMachine.o
LOAD ..\obj\stm32f4xx_hal_rcc.o
LOAD ..\obj\system_stm32f4xx.o
LOAD ..\obj\startup_stm32f429xx.o
LOAD ..\obj\stm32f4xx_hal.o
LOAD ..\obj\main.o
START GROUP
LOAD c:/program files/gnu tools arm embedded/4.9 2015q1/bin/../lib/gcc/arm-none-eabi/4.9.3/armv7e-m\libgcc.a
LOAD c:/program files/gnu tools arm embedded/4.9 2015q1/bin/../lib/gcc/arm-none-eabi/4.9.3/../../../../arm-none-eabi/lib/armv7e-m\libg.a
LOAD c:/program files/gnu tools arm embedded/4.9 2015q1/bin/../lib/gcc/arm-none-eabi/4.9.3/../../../../arm-none-eabi/lib/armv7e-m\libc.a
END GROUP
LOAD c:/program files/gnu tools arm embedded/4.9 2015q1/bin/../lib/gcc/arm-none-eabi/4.9.3/armv7e-m/crtend.o
LOAD c:/program files/gnu tools arm embedded/4.9 2015q1/bin/../lib/gcc/arm-none-eabi/4.9.3/armv7e-m/crtn.o
OUTPUT(Test.elf elf32-littlearm)

.debug_info     0x00000000     0x159b
 .debug_info    0x00000000      0x437 ..\obj\ConfigureLED.o
 .debug_info    0x00000437      0x712 ..\obj\stm32f4xx_hal_gpio.o
 .debug_info    0x00000b49      0x2fa ..\obj\LEDsStateMachine.o
 .debug_info    0x00000e43      0x4b4 ..\obj\system_stm32f4xx.o
 .debug_info    0x000012f7       0x99 ..\obj\startup_stm32f429xx.o
 .debug_info    0x00001390      0x20b ..\obj\main.o

.debug_abbrev   0x00000000      0x5fc
 .debug_abbrev  0x00000000       0xff ..\obj\ConfigureLED.o
 .debug_abbrev  0x000000ff      0x1aa ..\obj\stm32f4xx_hal_gpio.o
 .debug_abbrev  0x000002a9      0x118 ..\obj\LEDsStateMachine.o
 .debug_abbrev  0x000003c1       0xff ..\obj\system_stm32f4xx.o
 .debug_abbrev  0x000004c0       0x12 ..\obj\startup_stm32f429xx.o
 .debug_abbrev  0x000004d2      0x12a ..\obj\main.o

.debug_aranges  0x00000000       0xc8
 .debug_aranges
                0x00000000       0x20 ..\obj\ConfigureLED.o
 .debug_aranges
                0x00000020       0x20 ..\obj\stm32f4xx_hal_gpio.o
 .debug_aranges
                0x00000040       0x20 ..\obj\LEDsStateMachine.o
 .debug_aranges
                0x00000060       0x20 ..\obj\system_stm32f4xx.o
 .debug_aranges
                0x00000080       0x28 ..\obj\startup_stm32f429xx.o
 .debug_aranges
                0x000000a8       0x20 ..\obj\main.o

.debug_line     0x00000000      0xb20
 .debug_line    0x00000000      0x1c9 ..\obj\ConfigureLED.o
 .debug_line    0x000001c9      0x3d7 ..\obj\stm32f4xx_hal_gpio.o
 .debug_line    0x000005a0      0x210 ..\obj\LEDsStateMachine.o
 .debug_line    0x000007b0      0x165 ..\obj\system_stm32f4xx.o
 .debug_line    0x00000915       0x9e ..\obj\startup_stm32f429xx.o
 .debug_line    0x000009b3      0x16d ..\obj\main.o

.debug_str      0x00000000      0x73f
 .debug_str     0x00000000      0x30f ..\obj\ConfigureLED.o
                                0x367 (size before relaxing)
 .debug_str     0x0000030f      0x1eb ..\obj\stm32f4xx_hal_gpio.o
                                0x4ff (size before relaxing)
 .debug_str     0x000004fa       0xb8 ..\obj\LEDsStateMachine.o
                                0x283 (size before relaxing)
 .debug_str     0x000005b2       0xeb ..\obj\system_stm32f4xx.o
                                0x335 (size before relaxing)
 .debug_str     0x0000069d       0xa2 ..\obj\main.o
                                0x25e (size before relaxing)

.comment        0x00000000       0x70
 .comment       0x00000000       0x70 ..\obj\ConfigureLED.o
                                 0x71 (size before relaxing)
 .comment       0x00000000       0x71 ..\obj\stm32f4xx_hal_gpio.o
 .comment       0x00000000       0x71 ..\obj\LEDsStateMachine.o
 .comment       0x00000000       0x71 ..\obj\system_stm32f4xx.o
 .comment       0x00000000       0x71 ..\obj\main.o

.debug_frame    0x00000000      0x2f0
 .debug_frame   0x00000000       0x34 ..\obj\ConfigureLED.o
 .debug_frame   0x00000034      0x14c ..\obj\stm32f4xx_hal_gpio.o
 .debug_frame   0x00000180       0x7c ..\obj\LEDsStateMachine.o
 .debug_frame   0x000001fc       0x58 ..\obj\system_stm32f4xx.o
 .debug_frame   0x00000254       0x9c ..\obj\main.o

.debug_ranges   0x00000000       0x20
 .debug_ranges  0x00000000       0x20 ..\obj\startup_stm32f429xx.o
